=== Begin

    ABC

    * A
    * B

    === DEF

        KEKEKEKE

=== Zomaar een random spatie indent

    === KEK

        KEK

        sdf
        sdf
        s
        df
        sd

        sdf

        * Abcdefghijklmnopqrstu
          vwxyz
        * B
            * C
                * Dddddddd
                  dddd
                  dd

        === Bliep

            V

            === erkeerd

                LOL

    === KEK II
