This is text above the first header.

This is more text above the first header.

=== Header 1

    Header 1 body text.

    * A
    * B

    === Header 1.1

        Header 1.1 body text.

    === Header 1.2

        Header 1.2 body text.

=== Header 2

    === Header 2.1

        Header 2.1 body text.

        sdf
        sdf
        s
        df
        sd

        sdf

        * Abcdefghijklmnopqrstu
          vwxyz
        * B
            * C
                * Dddddddd
                  dddd
                  dd
                * A b c d e f g h i j k l m n o p q r s t u v w x y z. A b c d e f g h i j k l m n o p q r s t u v w x y z. A b c d e f
                  g h i j k l m n o p q r s t u v w x y z.
                * A b c d e f g h i j k l m n o p q r s t u v w x y z. A b c d e f g h i j k l m n o p q r s t u v w x y z. A b c d e f
                  g h i j k l m n o p q r s t u v w x y z.

        Header 2.1 body text.

        === Header 2.1.1

            * A
            * B
            * C

            === Header 2.1.1.1

                Header 2.1.1.1 body text.

    === Header 2.2

